// Vitest Snapshot v1, https://vitest.dev/guide/snapshot.html

exports[`RickAndMortyCharacterInfo.vue > matches snapshot 1`] = `"<routerlink to="/rick-and-morty/1"></routerlink>"`;
