// Vitest Snapshot v1, https://vitest.dev/guide/snapshot.html

exports[`SearchBar.vue > matches snapshot 1`] = `"<div class="relative"><input type="text" placeholder="Search characters..." class="w-full px-4 py-2 rounded-lg bg-gray-100 focus:outline-none focus:bg-white text-black border border-gray-300"></div>"`;
